<?xml version="1.0" encoding="utf-8"?><testsuites><testsuite name="pytest" errors="0" failures="0" skipped="1" tests="6" time="6.201" timestamp="2025-09-03T17:57:59.232996" hostname="ROG_STRIX_G17"><testcase classname="vpn_api.test_admin_flow" name="test_admin_flow" time="1.439" /><testcase classname="vpn_api.test_flow" name="test_basic_flow" time="0.675" /><testcase classname="vpn_api.test_payments" name="test_payments_crud_flow" time="0.722" /><testcase classname="vpn_api.test_peers" name="test_peers_crud_flow" time="0.725" /><testcase classname="vpn_api.test_unit" name="test_register_and_login" time="0.644" /><testcase classname="vpn_api.test_unit" name="test_tariff_crud" time="0.216"><skipped type="pytest.skip" message="Admin user not available">C:\Users\ravin\OneDrive\Рабочий стол\vpn api\vpn_api\test_unit.py:30: Admin user not available</skipped></testcase></testsuite></testsuites>
